python : .E
At line:1 char:1
+ python test_backend.py > 
test_output.txt 2>&1
+ ~~~~~~~~~~~~~~~~~~~~~~~~~
~~~~~~~~~~~~~~~~~~~~
    + CategoryInfo         
     : NotSpecified: (.E:  
  String) [], RemoteExce   
 ption
    + FullyQualifiedErrorI 
   d : NativeCommandError
 
===========================
===========================
================
ERROR: 
test_schedule_request 
(__main__.BackendTestCase)
---------------------------
---------------------------
----------------
Traceback (most recent 
call last):
  File "C:\Users\anisha\One
Drive\Desktop\AI Smart EV 
Charging Orchestrator\backe
nd\test_backend.py", line 
23, in 
test_schedule_request
    res = self.app.post('/a
pi/schedule', json=payload)
  File "C:\Users\anisha\App
Data\Local\Programs\Python\
Python310\lib\site-packages
\werkzeug\test.py", line 
1167, in post
    return 
self.open(*args, **kw)
  File "C:\Users\anisha\App
Data\Local\Programs\Python\
Python310\lib\site-packages
\flask\testing.py", line 
232, in open
    response = 
super().open(
  File "C:\Users\anisha\App
Data\Local\Programs\Python\
Python310\lib\site-packages
\werkzeug\test.py", line 
1116, in open
    response_parts = self.r
un_wsgi_app(request.environ
, buffered=buffered)
  File "C:\Users\anisha\App
Data\Local\Programs\Python\
Python310\lib\site-packages
\werkzeug\test.py", line 
988, in run_wsgi_app
    rv = run_wsgi_app(self.
application, environ, 
buffered=buffered)
  File "C:\Users\anisha\App
Data\Local\Programs\Python\
Python310\lib\site-packages
\werkzeug\test.py", line 
1264, in run_wsgi_app
    app_rv = app(environ, 
start_response)
  File "C:\Users\anisha\App
Data\Local\Programs\Python\
Python310\lib\site-packages
\flask\app.py", line 1478, 
in __call__
    return 
self.wsgi_app(environ, 
start_response)
  File "C:\Users\anisha\App
Data\Local\Programs\Python\
Python310\lib\site-packages
\flask\app.py", line 1458, 
in wsgi_app
    response = 
self.handle_exception(e)
  File "C:\Users\anisha\App
Data\Local\Programs\Python\
Python310\lib\site-packages
\flask_cors\extension.py", 
line 176, in 
wrapped_function
    return cors_after_reque
st(app.make_response(f(*arg
s, **kwargs)))
  File "C:\Users\anisha\App
Data\Local\Programs\Python\
Python310\lib\site-packages
\flask\app.py", line 1455, 
in wsgi_app
    response = self.full_di
spatch_request()
  File "C:\Users\anisha\App
Data\Local\Programs\Python\
Python310\lib\site-packages
\flask\app.py", line 869, 
in full_dispatch_request
    rv = self.handle_user_e
xception(e)
  File "C:\Users\anisha\App
Data\Local\Programs\Python\
Python310\lib\site-packages
\flask_cors\extension.py", 
line 176, in 
wrapped_function
    return cors_after_reque
st(app.make_response(f(*arg
s, **kwargs)))
  File "C:\Users\anisha\App
Data\Local\Programs\Python\
Python310\lib\site-packages
\flask\app.py", line 867, 
in full_dispatch_request
    rv = 
self.dispatch_request()
  File "C:\Users\anisha\App
Data\Local\Programs\Python\
Python310\lib\site-packages
\flask\app.py", line 852, 
in dispatch_request
    return self.ensure_sync
(self.view_functions[rule.e
ndpoint])(**view_args)
  File "C:\Users\anisha\One
Drive\Desktop\AI Smart EV 
Charging Orchestrator\backe
nd\api\routes.py", line 
50, in schedule_charging
    'duration': f"{int(allo
cation.allocated_end_time 
- allocation.allocated_star
t_time).seconds // 3600}h {
((allocation.allocated_end_
time - allocation.allocated
_start_time).seconds // 
60) % 60}m",
TypeError: int() argument 
must be a string, a 
bytes-like object or a 
real number, not 
'datetime.timedelta'

---------------------------
---------------------------
----------------
Ran 2 tests in 0.094s

FAILED (errors=1)
